// Jest Snapshot v1, https://goo.gl/fbAQLP

exports[`App snapshot render 1`] = `
<div>
  <h1>
    My Counter
  </h1>
  <div>
    <p>
      0
    </p>
  </div>
  <button
    onClick={[Function]}
    type="button"
  >
    Increment
  </button>
  <button
    onClick={[Function]}
    type="button"
  >
    Decrement
  </button>
  <h2>
    My Async Data
  </h2>
  <ul />
</div>
`;
