// Jest Snapshot v1, https://goo.gl/fbAQLP

exports[`Counter snapshot renders 1`] = `
<div>
  <p>
    0
  </p>
</div>
`;
